
> tailorshop@1.0.0 build
> next build

Γû▓ Next.js 16.1.1 (Turbopack)
- Environments: .env.local

node.exe : ΓÜá The "middleware" file convention 
is deprecated. Please use "proxy" instead. Learn 
more: https://nextjs.org/docs/messages/middleware
-to-proxy
At line:1 char:1
+ & "C:\Program Files\nodejs/node.exe" 
"C:\Program Files\nodejs/node_mo ...
+ ~~~~~~~~~~~~~~~~~~~~~~~~~~~~~~~~~~~~~~~~~~~~~~~
~~~~~~~~~~~~~~~~~~~~~~
    + CategoryInfo          : NotSpecified: (ΓÜá 
    The "middle...leware-to-proxy:String) [], R  
  emoteException
    + FullyQualifiedErrorId : NativeCommandError
 
  Creating an optimized production build ...
Γ£ô Compiled successfully in 6.8s
  Running TypeScript ...
Failed to compile.

./scripts/reset-user-password.ts:2:25
Type error: Cannot find module 'dotenv' or its 
corresponding type declarations.

[0m [90m 1 |[39m [36mimport[39m { 
createClient } [36mfrom[39m 
[32m'@supabase/supabase-js'[39m[33m;[39m
[31m[1m>[22m[39m[90m 2 |[39m 
[36mimport[39m [33m*[39m [36mas[39m dotenv 
[36mfrom[39m [32m'dotenv'[39m[33m;[39m
 [90m   |[39m                         
[31m[1m^[22m[39m
 [90m 3 |[39m [36mimport[39m path 
[36mfrom[39m [32m'path'[39m[33m;[39m
 [90m 4 |[39m
 [90m 5 |[39m [90m// Load .env.local[39m[0m
Next.js build worker exited with code: 1 and 
signal: null
